#nullable enable
using Microsoft.Extensions.DependencyInjection;
using Microsoft.Extensions.Http.Resilience;
using Polly;
using System.Collections.Generic;
using System.Globalization;
using System.Net.Http;
using System.Runtime.CompilerServices;
using System.Text.Json;
using System.Text.Json.Serialization;

namespace Acme;

/// <summary>
/// Shared helpers emitted by Geren for the generated client set.
/// </summary>
/// <remarks>
/// This type is generated. Prefer using the generated <c>..._Extensions</c> methods for registration.
/// </remarks>
public static class FactoryBridge
{
    /// <summary>
    /// Registers a typed <see cref="HttpClient"/>-based API client with optional resilience configuration.
    /// </summary>
    /// <typeparam name="TClient">Generated API client type.</typeparam>
    /// <param name="services">The DI service collection.</param>
    /// <param name="configureClient">Optional <see cref="HttpClient"/> configuration.</param>
    /// <param name="configureBuilder">Optional builder customization.</param>
    /// <param name="useResilience">When true, configures a resilience handler.</param>
    /// <param name="resiliencePipelineName">Optional resilience pipeline name (used when <paramref name="configureResilience"/> is provided).</param>
    /// <param name="configureResilience">Optional resilience pipeline configuration.</param>
    public static void AddClient<TClient>(
        IServiceCollection services,
        Action<HttpClient>? configureClient,
        Action<IHttpClientBuilder>? configureBuilder,
        bool useResilience,
        string? resiliencePipelineName,
        Action<ResiliencePipelineBuilder<HttpResponseMessage>, ResilienceHandlerContext>? configureResilience)
        where TClient : class
    {
        var builder = services.AddHttpClient<TClient>();

        if (configureClient is not null)
            builder.ConfigureHttpClient(configureClient);

        if (useResilience)
        {
            if (resiliencePipelineName is not null && configureResilience is not null)
                builder.AddResilienceHandler(resiliencePipelineName, configureResilience);
            else
                builder.AddStandardResilienceHandler();
        }
        
        configureBuilder?.Invoke(builder);
    }

    /// <summary>
    /// Registers a typed <see cref="HttpClient"/>-based API client in DI.
    /// </summary>
    /// <typeparam name="TClient">Generated API client type.</typeparam>
    /// <param name="services">The DI service collection.</param>
    /// <param name="configureClient">Optional <see cref="HttpClient"/> configuration.</param>
    /// <returns>The created <see cref="IHttpClientBuilder"/> for further configuration.</returns>
    public static IHttpClientBuilder AddClient<TClient>(
        IServiceCollection services,
        Action<HttpClient>? configureClient = null)
        where TClient : class
    {
        var builder = services.AddHttpClient<TClient>();
        if (configureClient is not null)
            builder.ConfigureHttpClient(configureClient);

        return builder;
    }
}

/// <summary>
/// A base class for all Geren-generated API clients for this OpenAPI document.
/// </summary>
/// <remarks>
/// To customize JSON serialization and outgoing requests globally for all generated clients,
/// create a partial class in your project and implement the optional partial hooks:
/// <list type="bullet">
/// <item><description><c>OnConfigureJsonSerializerOptions</c>: configure shared JSON settings (runs once).</description></item>
/// <item><description><c>OnPrepareRequest</c>: mutate outgoing requests (called for every request).</description></item>
/// </list>
/// </remarks>
public abstract partial class GerenClientBase
{
    /// <summary>
    /// Initializes a new client wrapper around the provided <see cref="HttpClient"/>.
    /// </summary>
    /// <param name="http">The underlying <see cref="HttpClient"/> instance.</param>
    protected GerenClientBase(HttpClient http) => Http = http;

    /// <summary>
    /// The underlying <see cref="HttpClient"/> used to send requests.
    /// </summary>
    protected HttpClient Http { get; }

    /// <summary>
    /// Shared <see cref="JsonSerializerOptions"/> used by all clients in this generated set.
    /// </summary>
    /// <remarks>
    /// The options instance is created lazily and configured once via <c>OnConfigureJsonSerializerOptions</c>.
    /// Do not mutate it per-request.
    /// </remarks>
    protected JsonSerializerOptions JsonOptions => JsonSerializerOptionsHolder.Shared;

    /// <summary>
    /// Applies global request customization hook (if implemented).
    /// </summary>
    /// <param name="request">The outgoing request.</param>
    protected void PrepareRequest(HttpRequestMessage request) => OnPrepareRequest(request);

    /// <summary>
    /// Optional hook invoked for every outgoing request created by generated clients.
    /// </summary>
    static partial void OnPrepareRequest(HttpRequestMessage request);

    /// <summary>
    /// Optional hook invoked once when the shared <see cref="JsonSerializerOptions"/> instance is created.
    /// </summary>
    static partial void OnConfigureJsonSerializerOptions(JsonSerializerOptions options);

    private static class JsonSerializerOptionsHolder
    {
        internal static readonly JsonSerializerOptions Shared = Create();

        private static JsonSerializerOptions Create()
        {
            var options = new JsonSerializerOptions(JsonSerializerDefaults.Web);
            OnConfigureJsonSerializerOptions(options);
            return options;
        }
    }

    /// <summary>
    /// Builds a request URI from a path and an optional query-string builder.
    /// </summary>
    /// <param name="path">The path (may already include a query).</param>
    /// <param name="configureQuery">Optional callback to append query parameters.</param>
    protected static string BuildRequestUri(string path, Action<List<string>>? configureQuery = null)
    {
        if (configureQuery is null)
            return path;

        var query = new List<string>();
        configureQuery(query);
        return query.Count == 0 ? path : path + "?" + string.Join("&", query);
    }

    /// <summary>
    /// Adds a query parameter to the query-string builder list.
    /// </summary>
    protected static void AddQueryParameter(List<string> query, string name, object? value)
    {
        if (value is null)
            return;

        if (value is System.Collections.IEnumerable values && value is not string)
        {
            foreach (var item in values)
                AddQueryParameter(query, name, item);

            return;
        }

        query.Add(name + "=" + FormatPathValue(value));
    }

    /// <summary>
    /// Formats route/query values using invariant culture and URL-escapes the result.
    /// </summary>
    protected static string FormatPathValue(object? value) => Uri.EscapeDataString(
        value switch
        {
            bool boolean => boolean ? "true" : "false",
            Enum @enum => Convert.ToInt32(@enum).ToString(),
            IFormattable formattable => formattable.ToString(null, CultureInfo.InvariantCulture),
            _ => Convert.ToString(value, CultureInfo.InvariantCulture) ?? string.Empty
        });
}
